// Jest Snapshot v1, https://goo.gl/fbAQLP

exports[`posts actions: FETCH_POSTS: 1`] = `
Object {
  "type": "FETCH_POSTS",
}
`;
