// Jest Snapshot v1, https://goo.gl/fbAQLP

exports[`store: should have a valid state shape 1`] = `
Object {
  "auth": Immutable.Map {
    "isInitialized": false,
    "isAuthenticated": false,
  },
  "forms": Object {
    "feed": Object {
      "comment": "",
    },
    "forms": Object {
      "$form": Object {
        "errors": Object {},
        "focus": false,
        "initialValue": Object {
          "feed": Object {
            "comment": "",
          },
          "login": Object {
            "email": "dima1@dima1.com",
            "password": "12345",
            "remember": true,
          },
          "signup": Object {
            "email": "",
            "firstName": "",
            "invite": "akI2Kynnvwic",
            "lastName": "",
            "password": "",
          },
          "user": Object {
            "password": Object {
              "newPassword": "",
              "oldPassword": "",
            },
            "profile": Object {
              "avatar": Array [],
              "firstName": "",
              "lastName": "",
            },
          },
        },
        "intents": Array [],
        "model": "forms",
        "pending": false,
        "pristine": true,
        "retouched": false,
        "submitFailed": false,
        "submitted": false,
        "touched": false,
        "valid": true,
        "validated": false,
        "validating": false,
        "validity": Object {},
        "value": Object {
          "feed": Object {
            "comment": "",
          },
          "login": Object {
            "email": "dima1@dima1.com",
            "password": "12345",
            "remember": true,
          },
          "signup": Object {
            "email": "",
            "firstName": "",
            "invite": "akI2Kynnvwic",
            "lastName": "",
            "password": "",
          },
          "user": Object {
            "password": Object {
              "newPassword": "",
              "oldPassword": "",
            },
            "profile": Object {
              "avatar": Array [],
              "firstName": "",
              "lastName": "",
            },
          },
        },
      },
      "feed": Object {
        "$form": Object {
          "errors": Object {},
          "focus": false,
          "initialValue": Object {
            "comment": "",
          },
          "intents": Array [],
          "model": "forms.feed",
          "pending": false,
          "pristine": true,
          "retouched": false,
          "submitFailed": false,
          "submitted": false,
          "touched": false,
          "valid": true,
          "validated": false,
          "validating": false,
          "validity": Object {},
          "value": Object {
            "comment": "",
          },
        },
        "comment": Object {
          "errors": Object {},
          "focus": false,
          "initialValue": "",
          "intents": Array [],
          "model": "forms.feed.comment",
          "pending": false,
          "pristine": true,
          "retouched": false,
          "submitFailed": false,
          "submitted": false,
          "touched": false,
          "valid": true,
          "validated": false,
          "validating": false,
          "validity": Object {},
          "value": "",
        },
      },
      "login": Object {
        "$form": Object {
          "errors": Object {},
          "focus": false,
          "initialValue": Object {
            "email": "dima1@dima1.com",
            "password": "12345",
            "remember": true,
          },
          "intents": Array [],
          "model": "forms.login",
          "pending": false,
          "pristine": true,
          "retouched": false,
          "submitFailed": false,
          "submitted": false,
          "touched": false,
          "valid": true,
          "validated": false,
          "validating": false,
          "validity": Object {},
          "value": Object {
            "email": "dima1@dima1.com",
            "password": "12345",
            "remember": true,
          },
        },
        "email": Object {
          "errors": Object {},
          "focus": false,
          "initialValue": "dima1@dima1.com",
          "intents": Array [],
          "model": "forms.login.email",
          "pending": false,
          "pristine": true,
          "retouched": false,
          "submitFailed": false,
          "submitted": false,
          "touched": false,
          "valid": true,
          "validated": false,
          "validating": false,
          "validity": Object {},
          "value": "dima1@dima1.com",
        },
        "password": Object {
          "errors": Object {},
          "focus": false,
          "initialValue": "12345",
          "intents": Array [],
          "model": "forms.login.password",
          "pending": false,
          "pristine": true,
          "retouched": false,
          "submitFailed": false,
          "submitted": false,
          "touched": false,
          "valid": true,
          "validated": false,
          "validating": false,
          "validity": Object {},
          "value": "12345",
        },
        "remember": Object {
          "errors": Object {},
          "focus": false,
          "initialValue": true,
          "intents": Array [],
          "model": "forms.login.remember",
          "pending": false,
          "pristine": true,
          "retouched": false,
          "submitFailed": false,
          "submitted": false,
          "touched": false,
          "valid": true,
          "validated": false,
          "validating": false,
          "validity": Object {},
          "value": true,
        },
      },
      "signup": Object {
        "$form": Object {
          "errors": Object {},
          "focus": false,
          "initialValue": Object {
            "email": "",
            "firstName": "",
            "invite": "akI2Kynnvwic",
            "lastName": "",
            "password": "",
          },
          "intents": Array [],
          "model": "forms.signup",
          "pending": false,
          "pristine": true,
          "retouched": false,
          "submitFailed": false,
          "submitted": false,
          "touched": false,
          "valid": true,
          "validated": false,
          "validating": false,
          "validity": Object {},
          "value": Object {
            "email": "",
            "firstName": "",
            "invite": "akI2Kynnvwic",
            "lastName": "",
            "password": "",
          },
        },
        "email": Object {
          "errors": Object {},
          "focus": false,
          "initialValue": "",
          "intents": Array [],
          "model": "forms.signup.email",
          "pending": false,
          "pristine": true,
          "retouched": false,
          "submitFailed": false,
          "submitted": false,
          "touched": false,
          "valid": true,
          "validated": false,
          "validating": false,
          "validity": Object {},
          "value": "",
        },
        "firstName": Object {
          "errors": Object {},
          "focus": false,
          "initialValue": "",
          "intents": Array [],
          "model": "forms.signup.firstName",
          "pending": false,
          "pristine": true,
          "retouched": false,
          "submitFailed": false,
          "submitted": false,
          "touched": false,
          "valid": true,
          "validated": false,
          "validating": false,
          "validity": Object {},
          "value": "",
        },
        "invite": Object {
          "errors": Object {},
          "focus": false,
          "initialValue": "akI2Kynnvwic",
          "intents": Array [],
          "model": "forms.signup.invite",
          "pending": false,
          "pristine": true,
          "retouched": false,
          "submitFailed": false,
          "submitted": false,
          "touched": false,
          "valid": true,
          "validated": false,
          "validating": false,
          "validity": Object {},
          "value": "akI2Kynnvwic",
        },
        "lastName": Object {
          "errors": Object {},
          "focus": false,
          "initialValue": "",
          "intents": Array [],
          "model": "forms.signup.lastName",
          "pending": false,
          "pristine": true,
          "retouched": false,
          "submitFailed": false,
          "submitted": false,
          "touched": false,
          "valid": true,
          "validated": false,
          "validating": false,
          "validity": Object {},
          "value": "",
        },
        "password": Object {
          "errors": Object {},
          "focus": false,
          "initialValue": "",
          "intents": Array [],
          "model": "forms.signup.password",
          "pending": false,
          "pristine": true,
          "retouched": false,
          "submitFailed": false,
          "submitted": false,
          "touched": false,
          "valid": true,
          "validated": false,
          "validating": false,
          "validity": Object {},
          "value": "",
        },
      },
      "user": Object {
        "$form": Object {
          "errors": Object {},
          "focus": false,
          "initialValue": Object {
            "password": Object {
              "newPassword": "",
              "oldPassword": "",
            },
            "profile": Object {
              "avatar": Array [],
              "firstName": "",
              "lastName": "",
            },
          },
          "intents": Array [],
          "model": "forms.user",
          "pending": false,
          "pristine": true,
          "retouched": false,
          "submitFailed": false,
          "submitted": false,
          "touched": false,
          "valid": true,
          "validated": false,
          "validating": false,
          "validity": Object {},
          "value": Object {
            "password": Object {
              "newPassword": "",
              "oldPassword": "",
            },
            "profile": Object {
              "avatar": Array [],
              "firstName": "",
              "lastName": "",
            },
          },
        },
        "password": Object {
          "$form": Object {
            "errors": Object {},
            "focus": false,
            "initialValue": Object {
              "newPassword": "",
              "oldPassword": "",
            },
            "intents": Array [],
            "model": "forms.user.password",
            "pending": false,
            "pristine": true,
            "retouched": false,
            "submitFailed": false,
            "submitted": false,
            "touched": false,
            "valid": true,
            "validated": false,
            "validating": false,
            "validity": Object {},
            "value": Object {
              "newPassword": "",
              "oldPassword": "",
            },
          },
          "newPassword": Object {
            "errors": Object {},
            "focus": false,
            "initialValue": "",
            "intents": Array [],
            "model": "forms.user.password.newPassword",
            "pending": false,
            "pristine": true,
            "retouched": false,
            "submitFailed": false,
            "submitted": false,
            "touched": false,
            "valid": true,
            "validated": false,
            "validating": false,
            "validity": Object {},
            "value": "",
          },
          "oldPassword": Object {
            "errors": Object {},
            "focus": false,
            "initialValue": "",
            "intents": Array [],
            "model": "forms.user.password.oldPassword",
            "pending": false,
            "pristine": true,
            "retouched": false,
            "submitFailed": false,
            "submitted": false,
            "touched": false,
            "valid": true,
            "validated": false,
            "validating": false,
            "validity": Object {},
            "value": "",
          },
        },
        "profile": Object {
          "$form": Object {
            "errors": Object {},
            "focus": false,
            "initialValue": Object {
              "avatar": Array [],
              "firstName": "",
              "lastName": "",
            },
            "intents": Array [],
            "model": "forms.user.profile",
            "pending": false,
            "pristine": true,
            "retouched": false,
            "submitFailed": false,
            "submitted": false,
            "touched": false,
            "valid": true,
            "validated": false,
            "validating": false,
            "validity": Object {},
            "value": Object {
              "avatar": Array [],
              "firstName": "",
              "lastName": "",
            },
          },
          "avatar": Object {
            "$form": Object {
              "errors": Object {},
              "focus": false,
              "initialValue": Array [],
              "intents": Array [],
              "model": "forms.user.profile.avatar",
              "pending": false,
              "pristine": true,
              "retouched": false,
              "submitFailed": false,
              "submitted": false,
              "touched": false,
              "valid": true,
              "validated": false,
              "validating": false,
              "validity": Object {},
              "value": Array [],
            },
          },
          "firstName": Object {
            "errors": Object {},
            "focus": false,
            "initialValue": "",
            "intents": Array [],
            "model": "forms.user.profile.firstName",
            "pending": false,
            "pristine": true,
            "retouched": false,
            "submitFailed": false,
            "submitted": false,
            "touched": false,
            "valid": true,
            "validated": false,
            "validating": false,
            "validity": Object {},
            "value": "",
          },
          "lastName": Object {
            "errors": Object {},
            "focus": false,
            "initialValue": "",
            "intents": Array [],
            "model": "forms.user.profile.lastName",
            "pending": false,
            "pristine": true,
            "retouched": false,
            "submitFailed": false,
            "submitted": false,
            "touched": false,
            "valid": true,
            "validated": false,
            "validating": false,
            "validity": Object {},
            "value": "",
          },
        },
      },
    },
    "login": Object {
      "email": "dima1@dima1.com",
      "password": "12345",
      "remember": true,
    },
    "signup": Object {
      "email": "",
      "firstName": "",
      "invite": "akI2Kynnvwic",
      "lastName": "",
      "password": "",
    },
    "user": Object {
      "password": Object {
        "newPassword": "",
        "oldPassword": "",
      },
      "profile": Object {
        "avatar": Array [],
        "firstName": "",
        "lastName": "",
      },
    },
  },
  "posts": Immutable.List [],
  "profile": Immutable.Map {
    "id": "",
    "avatar": "",
    "firstName": "",
    "lastName": "",
  },
  "router": Object {
    "location": null,
  },
  "ui": Immutable.Map {
    "notification": Immutable.Map {},
    "isOnline": false,
    "isFetching": false,
  },
  "users": Immutable.List [],
}
`;
